python : Traceback (most recent call last):
At line:1 char:1
+ python test_model_registry_integration.py > test_output.txt 2>&1; Get ...
+ ~~~~~~~~~~~~~~~~~~~~~~~~~~~~~~~~~~~~~~~~~~~~~~~~~~~~~~~~~~~~~~~~
    + CategoryInfo          : NotSpecified: (Traceback (most recent call last)::String) [], RemoteException
    + FullyQualifiedErrorId : NativeCommandError
 
  File "D:\containers\ollama\test_model_registry_integration.py", line 198, in <module>
    success = main()
              ^^^^^^
  File "D:\containers\ollama\test_model_registry_integration.py", line 165, in main
    print("\U0001f9ea Testing Model Registry Integration\n" + "="*50)
  File "C:\Users\pawel\AppData\Local\Programs\Python\Python312\Lib\encodings\cp1252.py", line 19, in encode
    return codecs.charmap_encode(input,self.errors,encoding_table)[0]
           ^^^^^^^^^^^^^^^^^^^^^^^^^^^^^^^^^^^^^^^^^^^^^^^^^^^^^^^
UnicodeEncodeError: 'charmap' codec can't encode character '\U0001f9ea' in position 0: character maps to <undefined>
